
********************************************************************************
********************************************************************************
**********                                                            **********
                        EMBEDDING INTEGRAL GENERATOR                            
**********                                                            **********
********************************************************************************
********************************************************************************

********************************************************************************
**********                                                            **********
                        CONFIGURATION OF THIS CALCULATION                       

Keyword                                 Value
-------                                 -----
BASIS FILE                              basis_set_TZ
CARTESIAN                               0
EMBEDDING INTS REAL                     0
EMBEDDING POTENTIAL FILE                embpot.dat
GRID DIMENSIONS                         100  80  120  
LATTICE VECTORS                         14.3065  0  0  
                                        -7.15324  12.3898  0  
                                        0  0  17.0087  
NUM THREADS                             16
OUTPUT FORMAT                           MOLCAS
SHIFT VECTOR                            Not defined, use default:
                                        0  0  0  
XYZ FILE                                Formaldehyde.xyz
**********                                                            **********
********************************************************************************

Running with OpenMP using 16 threads
***********************
*                      
* Embedding Integrals  
*                      
***********************

  Read grid data and embedding potential wall time(s): 0.449 cpu time(s): 0.38

* Reciprocal space integration scheme
  Calculate embedding integrals, real space part wall time(s): 28.543 cpu time(s): 209.48
  Calculate embedding integrals, reciprocal space part wall time(s): 34.037 cpu time(s): 254.1

  Calculate embedding integrals, sorting and printing wall time(s): 34.209 cpu time(s): 256.63
TOTAL EXECUTION TIME  wall time(s): 34.699 cpu time(s): 257.02
